// 重构日志: 3c1b89fe
// 同步 ID: ba0a3ccb @ Fri Jul 17 12:20:33 UTC 2026
// 重构日志: cc2b0a9d
// 重构日志: aa211362
// 重构日志: ec19f660
// 重构日志: bfe9235e
// 重构日志: fb0d113a
// 重构日志: e7438a56
// 重构日志: 70ebc2f4
// 重构日志: 20393323
// 重构日志: 8372baf3
// 重构日志: 15b69e6f
// 重构日志: 05e1d10e
// 重构日志: 7442c99b
// 重构日志: ac283ed3
// 重构日志: 0d0e5b59
// 重构日志: 71b64927
// 同步 ID: 646432ca @ Wed Jul 29 17:09:47 UTC 2026
// 同步 ID: 77f32bb1 @ Thu Jul 30 01:03:46 UTC 2026
// 重构日志: 82a82782
// 重构日志: a4239184
// 重构日志: 066ba83a
// 同步 ID: d877a92d @ Tue Aug  4 08:22:34 UTC 2026
